Configuration file: /home/rajil/Documents/www/rajilsaj.github.io/_config.yml
[31m  Dependency Error: Yikes! It looks like you don't have jekyll-sitemap or one of its dependencies installed. In order to use Jekyll as currently configured, you'll need to install this gem. If you've run Jekyll with `bundle exec`, ensure that you have included the jekyll-sitemap gem in your Gemfile as well. The full error message from Ruby is: 'cannot load such file -- jekyll-sitemap' If you run into trouble, you can find helpful resources at https://jekyllrb.com/help/! [0m
/usr/share/rubygems-integration/all/gems/jekyll-4.3.2/lib/jekyll/external.rb:70:in `rescue in block in require_with_graceful_fail': jekyll-sitemap (Jekyll::Errors::MissingDependencyException)
	from /usr/share/rubygems-integration/all/gems/jekyll-4.3.2/lib/jekyll/external.rb:56:in `block in require_with_graceful_fail'
	from /usr/share/rubygems-integration/all/gems/jekyll-4.3.2/lib/jekyll/external.rb:55:in `each'
	from /usr/share/rubygems-integration/all/gems/jekyll-4.3.2/lib/jekyll/external.rb:55:in `require_with_graceful_fail'
	from /usr/share/rubygems-integration/all/gems/jekyll-4.3.2/lib/jekyll/plugin_manager.rb:30:in `require_gems'
	from /usr/share/rubygems-integration/all/gems/jekyll-4.3.2/lib/jekyll/plugin_manager.rb:22:in `conscientious_require'
	from /usr/share/rubygems-integration/all/gems/jekyll-4.3.2/lib/jekyll/site.rb:131:in `setup'
	from /usr/share/rubygems-integration/all/gems/jekyll-4.3.2/lib/jekyll/site.rb:36:in `initialize'
	from /usr/share/rubygems-integration/all/gems/jekyll-4.3.2/lib/jekyll/commands/build.rb:30:in `new'
	from /usr/share/rubygems-integration/all/gems/jekyll-4.3.2/lib/jekyll/commands/build.rb:30:in `process'
	from /usr/share/rubygems-integration/all/gems/jekyll-4.3.2/lib/jekyll/command.rb:91:in `block in process_with_graceful_fail'
	from /usr/share/rubygems-integration/all/gems/jekyll-4.3.2/lib/jekyll/command.rb:91:in `each'
	from /usr/share/rubygems-integration/all/gems/jekyll-4.3.2/lib/jekyll/command.rb:91:in `process_with_graceful_fail'
	from /usr/share/rubygems-integration/all/gems/jekyll-4.3.2/lib/jekyll/commands/build.rb:18:in `block (2 levels) in init_with_program'
	from /usr/share/rubygems-integration/all/gems/mercenary-0.4.0/lib/mercenary/command.rb:221:in `block in execute'
	from /usr/share/rubygems-integration/all/gems/mercenary-0.4.0/lib/mercenary/command.rb:221:in `each'
	from /usr/share/rubygems-integration/all/gems/mercenary-0.4.0/lib/mercenary/command.rb:221:in `execute'
	from /usr/share/rubygems-integration/all/gems/mercenary-0.4.0/lib/mercenary/program.rb:44:in `go'
	from /usr/share/rubygems-integration/all/gems/mercenary-0.4.0/lib/mercenary.rb:21:in `program'
	from /usr/share/rubygems-integration/all/gems/jekyll-4.3.2/exe/jekyll:13:in `<top (required)>'
	from /usr/bin/jekyll:25:in `load'
	from /usr/bin/jekyll:25:in `<main>'
<internal:/usr/lib/ruby/vendor_ruby/rubygems/core_ext/kernel_require.rb>:86:in `require': cannot load such file -- jekyll-sitemap (LoadError)
Did you mean?  jekyll-watch/version
	from <internal:/usr/lib/ruby/vendor_ruby/rubygems/core_ext/kernel_require.rb>:86:in `require'
	from /usr/share/rubygems-integration/all/gems/jekyll-4.3.2/lib/jekyll/external.rb:57:in `block in require_with_graceful_fail'
	from /usr/share/rubygems-integration/all/gems/jekyll-4.3.2/lib/jekyll/external.rb:55:in `each'
	from /usr/share/rubygems-integration/all/gems/jekyll-4.3.2/lib/jekyll/external.rb:55:in `require_with_graceful_fail'
	from /usr/share/rubygems-integration/all/gems/jekyll-4.3.2/lib/jekyll/plugin_manager.rb:30:in `require_gems'
	from /usr/share/rubygems-integration/all/gems/jekyll-4.3.2/lib/jekyll/plugin_manager.rb:22:in `conscientious_require'
	from /usr/share/rubygems-integration/all/gems/jekyll-4.3.2/lib/jekyll/site.rb:131:in `setup'
	from /usr/share/rubygems-integration/all/gems/jekyll-4.3.2/lib/jekyll/site.rb:36:in `initialize'
	from /usr/share/rubygems-integration/all/gems/jekyll-4.3.2/lib/jekyll/commands/build.rb:30:in `new'
	from /usr/share/rubygems-integration/all/gems/jekyll-4.3.2/lib/jekyll/commands/build.rb:30:in `process'
	from /usr/share/rubygems-integration/all/gems/jekyll-4.3.2/lib/jekyll/command.rb:91:in `block in process_with_graceful_fail'
	from /usr/share/rubygems-integration/all/gems/jekyll-4.3.2/lib/jekyll/command.rb:91:in `each'
	from /usr/share/rubygems-integration/all/gems/jekyll-4.3.2/lib/jekyll/command.rb:91:in `process_with_graceful_fail'
	from /usr/share/rubygems-integration/all/gems/jekyll-4.3.2/lib/jekyll/commands/build.rb:18:in `block (2 levels) in init_with_program'
	from /usr/share/rubygems-integration/all/gems/mercenary-0.4.0/lib/mercenary/command.rb:221:in `block in execute'
	from /usr/share/rubygems-integration/all/gems/mercenary-0.4.0/lib/mercenary/command.rb:221:in `each'
	from /usr/share/rubygems-integration/all/gems/mercenary-0.4.0/lib/mercenary/command.rb:221:in `execute'
	from /usr/share/rubygems-integration/all/gems/mercenary-0.4.0/lib/mercenary/program.rb:44:in `go'
	from /usr/share/rubygems-integration/all/gems/mercenary-0.4.0/lib/mercenary.rb:21:in `program'
	from /usr/share/rubygems-integration/all/gems/jekyll-4.3.2/exe/jekyll:13:in `<top (required)>'
	from /usr/bin/jekyll:25:in `load'
	from /usr/bin/jekyll:25:in `<main>'
